Archive member included to satisfy reference by file (symbol)

c:/program files (x86)/atmel/studio/7.0/toolchain/avr8/avr8-gnu-toolchain/bin/../lib/gcc/avr/5.4.0/avr5\libgcc.a(_exit.o)
                              C:/Program Files (x86)/Atmel/Studio/7.0/Packs/atmel/ATmega_DFP/1.7.374/gcc/dev/atmega32/avr5/crtatmega32.o (exit)
c:/program files (x86)/atmel/studio/7.0/toolchain/avr8/avr8-gnu-toolchain/bin/../lib/gcc/avr/5.4.0/avr5\libgcc.a(_copy_data.o)
                              HAL/LED/LED_config.o (__do_copy_data)

Discarded input sections

 .data          0x00000000        0x0 C:/Program Files (x86)/Atmel/Studio/7.0/Packs/atmel/ATmega_DFP/1.7.374/gcc/dev/atmega32/avr5/crtatmega32.o
 .bss           0x00000000        0x0 C:/Program Files (x86)/Atmel/Studio/7.0/Packs/atmel/ATmega_DFP/1.7.374/gcc/dev/atmega32/avr5/crtatmega32.o
 .text          0x00000000        0x0 HAL/LED/LED_config.o
 .data          0x00000000        0x0 HAL/LED/LED_config.o
 .bss           0x00000000        0x0 HAL/LED/LED_config.o
 .data.LEDs_Global_Array
                0x00000000        0xc HAL/LED/LED_config.o
 .debug_info    0x00000000      0x18c HAL/LED/LED_config.o
 .debug_abbrev  0x00000000       0x8a HAL/LED/LED_config.o
 .debug_aranges
                0x00000000       0x18 HAL/LED/LED_config.o
 .debug_line    0x00000000       0x95 HAL/LED/LED_config.o
 .debug_str     0x00000000      0x329 HAL/LED/LED_config.o
 .comment       0x00000000       0x31 HAL/LED/LED_config.o
 .text          0x00000000        0x0 HAL/LED/LED_program.o
 .data          0x00000000        0x0 HAL/LED/LED_program.o
 .bss           0x00000000        0x0 HAL/LED/LED_program.o
 .text.HAL_LED_INIT
                0x00000000       0x86 HAL/LED/LED_program.o
 .text.HLED_SetLEDDirection
                0x00000000       0x1a HAL/LED/LED_program.o
 .text.HLED_SetSingleLED_ON
                0x00000000       0x1a HAL/LED/LED_program.o
 .text.HLED_SetSingleLED_OFF
                0x00000000       0x1a HAL/LED/LED_program.o
 .debug_info    0x00000000      0x450 HAL/LED/LED_program.o
 .debug_abbrev  0x00000000      0x138 HAL/LED/LED_program.o
 .debug_loc     0x00000000      0x24c HAL/LED/LED_program.o
 .debug_aranges
                0x00000000       0x38 HAL/LED/LED_program.o
 .debug_ranges  0x00000000       0x28 HAL/LED/LED_program.o
 .debug_line    0x00000000      0x1ce HAL/LED/LED_program.o
 .debug_str     0x00000000      0x50d HAL/LED/LED_program.o
 .comment       0x00000000       0x31 HAL/LED/LED_program.o
 .debug_frame   0x00000000       0x64 HAL/LED/LED_program.o
 .text          0x00000000        0x0 HAL/SEVSEG/SEVSEG_config.o
 .data          0x00000000        0x0 HAL/SEVSEG/SEVSEG_config.o
 .bss           0x00000000        0x0 HAL/SEVSEG/SEVSEG_config.o
 .data.NINE     0x00000000        0x9 HAL/SEVSEG/SEVSEG_config.o
 .data.EIGHT    0x00000000        0x9 HAL/SEVSEG/SEVSEG_config.o
 .data.SEVEN    0x00000000        0x9 HAL/SEVSEG/SEVSEG_config.o
 .data.SIX      0x00000000        0x9 HAL/SEVSEG/SEVSEG_config.o
 .data.FIVEE    0x00000000        0x9 HAL/SEVSEG/SEVSEG_config.o
 .data.FOUR     0x00000000        0x9 HAL/SEVSEG/SEVSEG_config.o
 .data.THREE    0x00000000        0x9 HAL/SEVSEG/SEVSEG_config.o
 .data.TWO      0x00000000        0x9 HAL/SEVSEG/SEVSEG_config.o
 .data.ONE      0x00000000        0x9 HAL/SEVSEG/SEVSEG_config.o
 .data.ZERO     0x00000000        0x9 HAL/SEVSEG/SEVSEG_config.o
 .data.SEVSEG_Config_Array
                0x00000000       0x1b HAL/SEVSEG/SEVSEG_config.o
 .debug_info    0x00000000      0x248 HAL/SEVSEG/SEVSEG_config.o
 .debug_abbrev  0x00000000       0x9b HAL/SEVSEG/SEVSEG_config.o
 .debug_aranges
                0x00000000       0x18 HAL/SEVSEG/SEVSEG_config.o
 .debug_line    0x00000000       0xa4 HAL/SEVSEG/SEVSEG_config.o
 .debug_str     0x00000000      0x34e HAL/SEVSEG/SEVSEG_config.o
 .comment       0x00000000       0x31 HAL/SEVSEG/SEVSEG_config.o
 .text          0x00000000        0x0 HAL/SEVSEG/SEVSEG_program.o
 .data          0x00000000        0x0 HAL/SEVSEG/SEVSEG_program.o
 .bss           0x00000000        0x0 HAL/SEVSEG/SEVSEG_program.o
 .text.HAL_SevenSegment_Init
                0x00000000       0x96 HAL/SEVSEG/SEVSEG_program.o
 .text.HAL_SEVSEG_START
                0x00000000        0x2 HAL/SEVSEG/SEVSEG_program.o
 .text.HAL_SEVSEG_STOP
                0x00000000        0x2 HAL/SEVSEG/SEVSEG_program.o
 .debug_info    0x00000000      0x30c HAL/SEVSEG/SEVSEG_program.o
 .debug_abbrev  0x00000000      0x12c HAL/SEVSEG/SEVSEG_program.o
 .debug_loc     0x00000000       0xc2 HAL/SEVSEG/SEVSEG_program.o
 .debug_aranges
                0x00000000       0x30 HAL/SEVSEG/SEVSEG_program.o
 .debug_ranges  0x00000000       0x38 HAL/SEVSEG/SEVSEG_program.o
 .debug_line    0x00000000      0x16b HAL/SEVSEG/SEVSEG_program.o
 .debug_str     0x00000000      0x4a1 HAL/SEVSEG/SEVSEG_program.o
 .comment       0x00000000       0x31 HAL/SEVSEG/SEVSEG_program.o
 .debug_frame   0x00000000       0x5c HAL/SEVSEG/SEVSEG_program.o
 .text          0x00000000        0x0 HAL/SWITCH/SWITCH_config.o
 .data          0x00000000        0x0 HAL/SWITCH/SWITCH_config.o
 .bss           0x00000000        0x0 HAL/SWITCH/SWITCH_config.o
 .data.SWITCH_Global_Array
                0x00000000        0x9 HAL/SWITCH/SWITCH_config.o
 .debug_info    0x00000000      0x134 HAL/SWITCH/SWITCH_config.o
 .debug_abbrev  0x00000000       0x7f HAL/SWITCH/SWITCH_config.o
 .debug_aranges
                0x00000000       0x18 HAL/SWITCH/SWITCH_config.o
 .debug_line    0x00000000       0x7d HAL/SWITCH/SWITCH_config.o
 .debug_str     0x00000000      0x2b6 HAL/SWITCH/SWITCH_config.o
 .comment       0x00000000       0x31 HAL/SWITCH/SWITCH_config.o
 .text          0x00000000        0x0 HAL/SWITCH/SWITCH_program.o
 .data          0x00000000        0x0 HAL/SWITCH/SWITCH_program.o
 .bss           0x00000000        0x0 HAL/SWITCH/SWITCH_program.o
 .text.HAL_SWITCH_INIT
                0x00000000       0x7e HAL/SWITCH/SWITCH_program.o
 .text.HAL_SWITCH_GETState
                0x00000000       0x14 HAL/SWITCH/SWITCH_program.o
 .debug_info    0x00000000      0x344 HAL/SWITCH/SWITCH_program.o
 .debug_abbrev  0x00000000      0x141 HAL/SWITCH/SWITCH_program.o
 .debug_loc     0x00000000      0x12c HAL/SWITCH/SWITCH_program.o
 .debug_aranges
                0x00000000       0x28 HAL/SWITCH/SWITCH_program.o
 .debug_ranges  0x00000000       0x18 HAL/SWITCH/SWITCH_program.o
 .debug_line    0x00000000      0x15c HAL/SWITCH/SWITCH_program.o
 .debug_str     0x00000000      0x4e9 HAL/SWITCH/SWITCH_program.o
 .comment       0x00000000       0x31 HAL/SWITCH/SWITCH_program.o
 .debug_frame   0x00000000       0x44 HAL/SWITCH/SWITCH_program.o
 .text          0x00000000        0x0 MCAL/MDIO/MDIO_program.o
 .data          0x00000000        0x0 MCAL/MDIO/MDIO_program.o
 .bss           0x00000000        0x0 MCAL/MDIO/MDIO_program.o
 .text.MDIO_SetPortDirection
                0x00000000       0x5a MCAL/MDIO/MDIO_program.o
 .text.MDIO_SetPortValue
                0x00000000       0xa8 MCAL/MDIO/MDIO_program.o
 .text.MDIO_GetPortValue
                0x00000000       0x44 MCAL/MDIO/MDIO_program.o
 .text.MDIO_GetPinValue
                0x00000000       0x80 MCAL/MDIO/MDIO_program.o
 .text.MDIO_AssignPortValue
                0x00000000       0x34 MCAL/MDIO/MDIO_program.o
 .text.MDIO_SetConfig
                0x00000000      0x3ae MCAL/MDIO/MDIO_program.o
 .text          0x00000000        0x0 SRC/main.o
 .data          0x00000000        0x0 SRC/main.o
 .bss           0x00000000        0x0 SRC/main.o
 .debug_line    0x00000000        0x0 SRC/main.o
 .debug_str     0x00000000       0xfc SRC/main.o
 .comment       0x00000000       0x31 SRC/main.o
 .text          0x00000000        0x0 SRC/Task1/Task1_Lab1.o
 .data          0x00000000        0x0 SRC/Task1/Task1_Lab1.o
 .bss           0x00000000        0x0 SRC/Task1/Task1_Lab1.o
 .text          0x00000000        0x0 SRC/Task1/Task1_Lab2.o
 .data          0x00000000        0x0 SRC/Task1/Task1_Lab2.o
 .bss           0x00000000        0x0 SRC/Task1/Task1_Lab2.o
 .debug_line    0x00000000        0x0 SRC/Task1/Task1_Lab2.o
 .debug_str     0x00000000      0x108 SRC/Task1/Task1_Lab2.o
 .comment       0x00000000       0x31 SRC/Task1/Task1_Lab2.o
 .text          0x00000000        0x0 c:/program files (x86)/atmel/studio/7.0/toolchain/avr8/avr8-gnu-toolchain/bin/../lib/gcc/avr/5.4.0/avr5\libgcc.a(_exit.o)
 .data          0x00000000        0x0 c:/program files (x86)/atmel/studio/7.0/toolchain/avr8/avr8-gnu-toolchain/bin/../lib/gcc/avr/5.4.0/avr5\libgcc.a(_exit.o)
 .bss           0x00000000        0x0 c:/program files (x86)/atmel/studio/7.0/toolchain/avr8/avr8-gnu-toolchain/bin/../lib/gcc/avr/5.4.0/avr5\libgcc.a(_exit.o)
 .text.libgcc.mul
                0x00000000        0x0 c:/program files (x86)/atmel/studio/7.0/toolchain/avr8/avr8-gnu-toolchain/bin/../lib/gcc/avr/5.4.0/avr5\libgcc.a(_exit.o)
 .text.libgcc.div
                0x00000000        0x0 c:/program files (x86)/atmel/studio/7.0/toolchain/avr8/avr8-gnu-toolchain/bin/../lib/gcc/avr/5.4.0/avr5\libgcc.a(_exit.o)
 .text.libgcc   0x00000000        0x0 c:/program files (x86)/atmel/studio/7.0/toolchain/avr8/avr8-gnu-toolchain/bin/../lib/gcc/avr/5.4.0/avr5\libgcc.a(_exit.o)
 .text.libgcc.prologue
                0x00000000        0x0 c:/program files (x86)/atmel/studio/7.0/toolchain/avr8/avr8-gnu-toolchain/bin/../lib/gcc/avr/5.4.0/avr5\libgcc.a(_exit.o)
 .text.libgcc.builtins
                0x00000000        0x0 c:/program files (x86)/atmel/studio/7.0/toolchain/avr8/avr8-gnu-toolchain/bin/../lib/gcc/avr/5.4.0/avr5\libgcc.a(_exit.o)
 .text.libgcc.fmul
                0x00000000        0x0 c:/program files (x86)/atmel/studio/7.0/toolchain/avr8/avr8-gnu-toolchain/bin/../lib/gcc/avr/5.4.0/avr5\libgcc.a(_exit.o)
 .text.libgcc.fixed
                0x00000000        0x0 c:/program files (x86)/atmel/studio/7.0/toolchain/avr8/avr8-gnu-toolchain/bin/../lib/gcc/avr/5.4.0/avr5\libgcc.a(_exit.o)
 .text          0x00000000        0x0 c:/program files (x86)/atmel/studio/7.0/toolchain/avr8/avr8-gnu-toolchain/bin/../lib/gcc/avr/5.4.0/avr5\libgcc.a(_copy_data.o)
 .data          0x00000000        0x0 c:/program files (x86)/atmel/studio/7.0/toolchain/avr8/avr8-gnu-toolchain/bin/../lib/gcc/avr/5.4.0/avr5\libgcc.a(_copy_data.o)
 .bss           0x00000000        0x0 c:/program files (x86)/atmel/studio/7.0/toolchain/avr8/avr8-gnu-toolchain/bin/../lib/gcc/avr/5.4.0/avr5\libgcc.a(_copy_data.o)
 .text.libgcc.mul
                0x00000000        0x0 c:/program files (x86)/atmel/studio/7.0/toolchain/avr8/avr8-gnu-toolchain/bin/../lib/gcc/avr/5.4.0/avr5\libgcc.a(_copy_data.o)
 .text.libgcc.div
                0x00000000        0x0 c:/program files (x86)/atmel/studio/7.0/toolchain/avr8/avr8-gnu-toolchain/bin/../lib/gcc/avr/5.4.0/avr5\libgcc.a(_copy_data.o)
 .text.libgcc   0x00000000        0x0 c:/program files (x86)/atmel/studio/7.0/toolchain/avr8/avr8-gnu-toolchain/bin/../lib/gcc/avr/5.4.0/avr5\libgcc.a(_copy_data.o)
 .text.libgcc.prologue
                0x00000000        0x0 c:/program files (x86)/atmel/studio/7.0/toolchain/avr8/avr8-gnu-toolchain/bin/../lib/gcc/avr/5.4.0/avr5\libgcc.a(_copy_data.o)
 .text.libgcc.builtins
                0x00000000        0x0 c:/program files (x86)/atmel/studio/7.0/toolchain/avr8/avr8-gnu-toolchain/bin/../lib/gcc/avr/5.4.0/avr5\libgcc.a(_copy_data.o)
 .text.libgcc.fmul
                0x00000000        0x0 c:/program files (x86)/atmel/studio/7.0/toolchain/avr8/avr8-gnu-toolchain/bin/../lib/gcc/avr/5.4.0/avr5\libgcc.a(_copy_data.o)
 .text.libgcc.fixed
                0x00000000        0x0 c:/program files (x86)/atmel/studio/7.0/toolchain/avr8/avr8-gnu-toolchain/bin/../lib/gcc/avr/5.4.0/avr5\libgcc.a(_copy_data.o)

Memory Configuration

Name             Origin             Length             Attributes
text             0x00000000         0x00008000         xr
data             0x00800060         0x00000800         rw !x
eeprom           0x00810000         0x00000400         rw !x
fuse             0x00820000         0x00000002         rw !x
lock             0x00830000         0x00000400         rw !x
signature        0x00840000         0x00000400         rw !x
user_signatures  0x00850000         0x00000400         rw !x
*default*        0x00000000         0xffffffff

Linker script and memory map

LOAD C:/Program Files (x86)/Atmel/Studio/7.0/Packs/atmel/ATmega_DFP/1.7.374/gcc/dev/atmega32/avr5/crtatmega32.o
LOAD HAL/LED/LED_config.o
LOAD HAL/LED/LED_program.o
LOAD HAL/SEVSEG/SEVSEG_config.o
LOAD HAL/SEVSEG/SEVSEG_program.o
LOAD HAL/SWITCH/SWITCH_config.o
LOAD HAL/SWITCH/SWITCH_program.o
LOAD MCAL/MDIO/MDIO_program.o
LOAD SRC/main.o
LOAD SRC/Task1/Task1_Lab1.o
LOAD SRC/Task1/Task1_Lab2.o
START GROUP
LOAD c:/program files (x86)/atmel/studio/7.0/toolchain/avr8/avr8-gnu-toolchain/bin/../lib/gcc/avr/5.4.0/../../../../avr/lib/avr5\libm.a
END GROUP
START GROUP
LOAD c:/program files (x86)/atmel/studio/7.0/toolchain/avr8/avr8-gnu-toolchain/bin/../lib/gcc/avr/5.4.0/avr5\libgcc.a
LOAD c:/program files (x86)/atmel/studio/7.0/toolchain/avr8/avr8-gnu-toolchain/bin/../lib/gcc/avr/5.4.0/../../../../avr/lib/avr5\libm.a
LOAD c:/program files (x86)/atmel/studio/7.0/toolchain/avr8/avr8-gnu-toolchain/bin/../lib/gcc/avr/5.4.0/../../../../avr/lib/avr5\libc.a
LOAD C:/Program Files (x86)/Atmel/Studio/7.0/Packs/atmel/ATmega_DFP/1.7.374/gcc/dev/atmega32/avr5\libatmega32.a
END GROUP
                0x00000000                __TEXT_REGION_ORIGIN__ = DEFINED (__TEXT_REGION_ORIGIN__)?__TEXT_REGION_ORIGIN__:0x0
                [0x00800060]                __DATA_REGION_ORIGIN__ = DEFINED (__DATA_REGION_ORIGIN__)?__DATA_REGION_ORIGIN__:0x800060
                [0x00008000]                __TEXT_REGION_LENGTH__ = DEFINED (__TEXT_REGION_LENGTH__)?__TEXT_REGION_LENGTH__:0x20000
                [0x00000800]                __DATA_REGION_LENGTH__ = DEFINED (__DATA_REGION_LENGTH__)?__DATA_REGION_LENGTH__:0xffa0
                [0x00000400]                __EEPROM_REGION_LENGTH__ = DEFINED (__EEPROM_REGION_LENGTH__)?__EEPROM_REGION_LENGTH__:0x10000
                [0x00000002]                __FUSE_REGION_LENGTH__ = DEFINED (__FUSE_REGION_LENGTH__)?__FUSE_REGION_LENGTH__:0x400
                0x00000400                __LOCK_REGION_LENGTH__ = DEFINED (__LOCK_REGION_LENGTH__)?__LOCK_REGION_LENGTH__:0x400
                0x00000400                __SIGNATURE_REGION_LENGTH__ = DEFINED (__SIGNATURE_REGION_LENGTH__)?__SIGNATURE_REGION_LENGTH__:0x400
                0x00000400                __USER_SIGNATURE_REGION_LENGTH__ = DEFINED (__USER_SIGNATURE_REGION_LENGTH__)?__USER_SIGNATURE_REGION_LENGTH__:0x400

.hash
 *(.hash)

.dynsym
 *(.dynsym)

.dynstr
 *(.dynstr)

.gnu.version
 *(.gnu.version)

.gnu.version_d
 *(.gnu.version_d)

.gnu.version_r
 *(.gnu.version_r)

.rel.init
 *(.rel.init)

.rela.init
 *(.rela.init)

.rel.text
 *(.rel.text)
 *(.rel.text.*)
 *(.rel.gnu.linkonce.t*)

.rela.text
 *(.rela.text)
 *(.rela.text.*)
 *(.rela.gnu.linkonce.t*)

.rel.fini
 *(.rel.fini)

.rela.fini
 *(.rela.fini)

.rel.rodata
 *(.rel.rodata)
 *(.rel.rodata.*)
 *(.rel.gnu.linkonce.r*)

.rela.rodata
 *(.rela.rodata)
 *(.rela.rodata.*)
 *(.rela.gnu.linkonce.r*)

.rel.data
 *(.rel.data)
 *(.rel.data.*)
 *(.rel.gnu.linkonce.d*)

.rela.data
 *(.rela.data)
 *(.rela.data.*)
 *(.rela.gnu.linkonce.d*)

.rel.ctors
 *(.rel.ctors)

.rela.ctors
 *(.rela.ctors)

.rel.dtors
 *(.rel.dtors)

.rela.dtors
 *(.rela.dtors)

.rel.got
 *(.rel.got)

.rela.got
 *(.rela.got)

.rel.bss
 *(.rel.bss)

.rela.bss
 *(.rela.bss)

.rel.plt
 *(.rel.plt)

.rela.plt
 *(.rela.plt)

.text           0x00000000      0x42c
 *(.vectors)
 .vectors       0x00000000       0x54 C:/Program Files (x86)/Atmel/Studio/7.0/Packs/atmel/ATmega_DFP/1.7.374/gcc/dev/atmega32/avr5/crtatmega32.o
                0x00000000                __vector_default
                0x00000000                __vectors
 *(.vectors)
 *(.progmem.gcc*)
                0x00000054                . = ALIGN (0x2)
                0x00000054                __trampolines_start = .
 *(.trampolines)
 .trampolines   0x00000054        0x0 linker stubs
 *(.trampolines*)
                0x00000054                __trampolines_end = .
 *libprintf_flt.a:*(.progmem.data)
 *libc.a:*(.progmem.data)
 *(.progmem*)
                0x00000054                . = ALIGN (0x2)
 *(.jumptables)
 *(.jumptables*)
 *(.lowtext)
 *(.lowtext*)
                0x00000054                __ctors_start = .
 *(.ctors)
                0x00000054                __ctors_end = .
                0x00000054                __dtors_start = .
 *(.dtors)
                0x00000054                __dtors_end = .
 SORT(*)(.ctors)
 SORT(*)(.dtors)
 *(.init0)
 .init0         0x00000054        0x0 C:/Program Files (x86)/Atmel/Studio/7.0/Packs/atmel/ATmega_DFP/1.7.374/gcc/dev/atmega32/avr5/crtatmega32.o
                0x00000054                __init
 *(.init0)
 *(.init1)
 *(.init1)
 *(.init2)
 .init2         0x00000054        0xc C:/Program Files (x86)/Atmel/Studio/7.0/Packs/atmel/ATmega_DFP/1.7.374/gcc/dev/atmega32/avr5/crtatmega32.o
 *(.init2)
 *(.init3)
 *(.init3)
 *(.init4)
 .init4         0x00000060       0x16 c:/program files (x86)/atmel/studio/7.0/toolchain/avr8/avr8-gnu-toolchain/bin/../lib/gcc/avr/5.4.0/avr5\libgcc.a(_copy_data.o)
                0x00000060                __do_copy_data
 *(.init4)
 *(.init5)
 *(.init5)
 *(.init6)
 *(.init6)
 *(.init7)
 *(.init7)
 *(.init8)
 *(.init8)
 *(.init9)
 .init9         0x00000076        0x8 C:/Program Files (x86)/Atmel/Studio/7.0/Packs/atmel/ATmega_DFP/1.7.374/gcc/dev/atmega32/avr5/crtatmega32.o
 *(.init9)
 *(.text)
 .text          0x0000007e        0x4 C:/Program Files (x86)/Atmel/Studio/7.0/Packs/atmel/ATmega_DFP/1.7.374/gcc/dev/atmega32/avr5/crtatmega32.o
                0x0000007e                __vector_1
                0x0000007e                __vector_12
                0x0000007e                __bad_interrupt
                0x0000007e                __vector_6
                0x0000007e                __vector_3
                0x0000007e                __vector_11
                0x0000007e                __vector_13
                0x0000007e                __vector_17
                0x0000007e                __vector_19
                0x0000007e                __vector_7
                0x0000007e                __vector_5
                0x0000007e                __vector_4
                0x0000007e                __vector_9
                0x0000007e                __vector_2
                0x0000007e                __vector_15
                0x0000007e                __vector_8
                0x0000007e                __vector_14
                0x0000007e                __vector_10
                0x0000007e                __vector_16
                0x0000007e                __vector_18
                0x0000007e                __vector_20
                0x00000082                . = ALIGN (0x2)
 *(.text.*)
 .text.MDIO_SetPinDirection
                0x00000082      0x110 MCAL/MDIO/MDIO_program.o
                0x00000082                MDIO_SetPinDirection
 .text.MDIO_SetPinValue
                0x00000192      0x204 MCAL/MDIO/MDIO_program.o
                0x00000192                MDIO_SetPinValue
 .text.main     0x00000396       0x92 SRC/Task1/Task1_Lab1.o
                0x00000396                main
                0x00000428                . = ALIGN (0x2)
 *(.fini9)
 .fini9         0x00000428        0x0 c:/program files (x86)/atmel/studio/7.0/toolchain/avr8/avr8-gnu-toolchain/bin/../lib/gcc/avr/5.4.0/avr5\libgcc.a(_exit.o)
                0x00000428                _exit
                0x00000428                exit
 *(.fini9)
 *(.fini8)
 *(.fini8)
 *(.fini7)
 *(.fini7)
 *(.fini6)
 *(.fini6)
 *(.fini5)
 *(.fini5)
 *(.fini4)
 *(.fini4)
 *(.fini3)
 *(.fini3)
 *(.fini2)
 *(.fini2)
 *(.fini1)
 *(.fini1)
 *(.fini0)
 .fini0         0x00000428        0x4 c:/program files (x86)/atmel/studio/7.0/toolchain/avr8/avr8-gnu-toolchain/bin/../lib/gcc/avr/5.4.0/avr5\libgcc.a(_exit.o)
 *(.fini0)
                0x0000042c                _etext = .

.data           0x00800060        0x0 load address 0x0000042c
                0x00800060                PROVIDE (__data_start, .)
 *(.data)
 *(.data*)
 *(.gnu.linkonce.d*)
 *(.rodata)
 *(.rodata*)
 *(.gnu.linkonce.r*)
                0x00800060                . = ALIGN (0x2)
                0x00800060                _edata = .
                0x00800060                PROVIDE (__data_end, .)

.bss            0x00800060        0x0
                [!provide]                PROVIDE (__bss_start, .)
 *(.bss)
 *(.bss*)
 *(COMMON)
                [!provide]                PROVIDE (__bss_end, .)
                0x0000042c                __data_load_start = LOADADDR (.data)
                0x0000042c                __data_load_end = (__data_load_start + SIZEOF (.data))

.noinit         0x00800060        0x0
                [!provide]                PROVIDE (__noinit_start, .)
 *(.noinit*)
                [!provide]                PROVIDE (__noinit_end, .)
                0x00800060                _end = .
                [!provide]                PROVIDE (__heap_start, .)

.eeprom         0x00810000        0x0
 *(.eeprom*)
                0x00810000                __eeprom_end = .

.fuse
 *(.fuse)
 *(.lfuse)
 *(.hfuse)
 *(.efuse)

.lock
 *(.lock*)

.signature
 *(.signature*)

.user_signatures
 *(.user_signatures*)

.stab
 *(.stab)

.stabstr
 *(.stabstr)

.stab.excl
 *(.stab.excl)

.stab.exclstr
 *(.stab.exclstr)

.stab.index
 *(.stab.index)

.stab.indexstr
 *(.stab.indexstr)

.comment        0x00000000       0x30
 *(.comment)
 .comment       0x00000000       0x30 MCAL/MDIO/MDIO_program.o
                                 0x31 (size before relaxing)
 .comment       0x00000030       0x31 SRC/Task1/Task1_Lab1.o

.note.gnu.avr.deviceinfo
                0x00000000       0x3c
 .note.gnu.avr.deviceinfo
                0x00000000       0x3c C:/Program Files (x86)/Atmel/Studio/7.0/Packs/atmel/ATmega_DFP/1.7.374/gcc/dev/atmega32/avr5/crtatmega32.o

.note.gnu.build-id
 *(.note.gnu.build-id)

.debug
 *(.debug)

.line
 *(.line)

.debug_srcinfo
 *(.debug_srcinfo)

.debug_sfnames
 *(.debug_sfnames)

.debug_aranges  0x00000000       0x78
 *(.debug_aranges)
 .debug_aranges
                0x00000000       0x58 MCAL/MDIO/MDIO_program.o
 .debug_aranges
                0x00000058       0x20 SRC/Task1/Task1_Lab1.o

.debug_pubnames
 *(.debug_pubnames)

.debug_info     0x00000000      0xc56
 *(.debug_info .gnu.linkonce.wi.*)
 .debug_info    0x00000000      0x4e6 C:/Program Files (x86)/Atmel/Studio/7.0/Packs/atmel/ATmega_DFP/1.7.374/gcc/dev/atmega32/avr5/crtatmega32.o
 .debug_info    0x000004e6      0x441 MCAL/MDIO/MDIO_program.o
 .debug_info    0x00000927      0x32f SRC/Task1/Task1_Lab1.o

.debug_abbrev   0x00000000      0x6ef
 *(.debug_abbrev)
 .debug_abbrev  0x00000000      0x4a3 C:/Program Files (x86)/Atmel/Studio/7.0/Packs/atmel/ATmega_DFP/1.7.374/gcc/dev/atmega32/avr5/crtatmega32.o
 .debug_abbrev  0x000004a3      0x13e MCAL/MDIO/MDIO_program.o
 .debug_abbrev  0x000005e1      0x10e SRC/Task1/Task1_Lab1.o

.debug_line     0x00000000      0xa4e
 *(.debug_line .debug_line.* .debug_line_end)
 .debug_line    0x00000000      0x116 C:/Program Files (x86)/Atmel/Studio/7.0/Packs/atmel/ATmega_DFP/1.7.374/gcc/dev/atmega32/avr5/crtatmega32.o
 .debug_line    0x00000116      0x769 MCAL/MDIO/MDIO_program.o
 .debug_line    0x0000087f      0x1cf SRC/Task1/Task1_Lab1.o

.debug_frame    0x00000000       0xb8
 *(.debug_frame)
 .debug_frame   0x00000000       0x94 MCAL/MDIO/MDIO_program.o
 .debug_frame   0x00000094       0x24 SRC/Task1/Task1_Lab1.o

.debug_str      0x00000000      0x695
 *(.debug_str)
 .debug_str     0x00000000      0x196 C:/Program Files (x86)/Atmel/Studio/7.0/Packs/atmel/ATmega_DFP/1.7.374/gcc/dev/atmega32/avr5/crtatmega32.o
 .debug_str     0x00000196      0x49c MCAL/MDIO/MDIO_program.o
                                0x4cd (size before relaxing)
 .debug_str     0x00000632       0x63 SRC/Task1/Task1_Lab1.o
                                0x30f (size before relaxing)

.debug_loc      0x00000000      0x8c6
 *(.debug_loc)
 .debug_loc     0x00000000      0x7ee MCAL/MDIO/MDIO_program.o
 .debug_loc     0x000007ee       0xd8 SRC/Task1/Task1_Lab1.o

.debug_macinfo
 *(.debug_macinfo)

.debug_weaknames
 *(.debug_weaknames)

.debug_funcnames
 *(.debug_funcnames)

.debug_typenames
 *(.debug_typenames)

.debug_varnames
 *(.debug_varnames)

.debug_pubtypes
 *(.debug_pubtypes)

.debug_ranges   0x00000000       0x58
 *(.debug_ranges)
 .debug_ranges  0x00000000       0x48 MCAL/MDIO/MDIO_program.o
 .debug_ranges  0x00000048       0x10 SRC/Task1/Task1_Lab1.o

.debug_macro
 *(.debug_macro)
OUTPUT(AVR_Atmega32.elf elf32-avr)
LOAD linker stubs
